device=Apple M2 Max,unified=1,thread_qos=USER_INITIATED,relative_priority=0
check,empty,passed,0,248
check,sole-empty-key,passed,1,256
check,all-width-one,passed,2,264
check,fixed-1,passed,1,320
check,mixed-1,passed,1,272
check,fixed-14,passed,14,576
check,mixed-14,passed,14,3312
check,fixed-15,passed,15,600
check,mixed-15,passed,15,3320
check,fixed-16,passed,16,616
check,mixed-16,passed,16,3368
check,fixed-29,passed,29,880
check,mixed-29,passed,29,6544
check,fixed-30,passed,30,896
check,mixed-30,passed,30,6600
check,fixed-31,passed,31,920
check,mixed-31,passed,31,6688
check,fixed-127,passed,194,4184
check,mixed-127,passed,127,29720
check,fixed-256,passed,413,8584
check,mixed-256,passed,266,63168
check,left-only,passed,37,7808
check,right-only,passed,37,1016
check,equal-newer,passed,257,61152
check,long-prefix,passed,108,30448
check,conservative-long-prefix,passed,108,30448
check,common-from-variable-input,passed,43,1128
check,variable-single-source-fixed,passed,19,648
check,fixed-to-tombstones,passed,33,400
check,asymmetric-older,passed,4097,976472
check,asymmetric-newer,passed,4097,82552
check,proper-prefix,passed,10,320
check,random-0,passed,507,66968
check,random-1,passed,507,66248
check,random-2,passed,509,68360
check,random-3,passed,502,67504
check,random-4,passed,506,65392
check,random-5,passed,498,66000
check,random-6,passed,508,66952
check,random-7,passed,505,63848
reject,0,passed
reject,1,passed
reject,2,passed
reject,3,passed
ef-output,empty-records,passed,1,0,0
ef-output,repeated-low-zero,passed,513,0,0
ef-output,constant-value-stride,passed,258,0,0
ef-output,packed-width-1,passed,67,1,0
ef-output,packed-width-5,passed,67,5,0
ef-output,packed-width-17,passed,67,17,0
ef-output,packed-width-29,passed,3,29,0
ef-output,sparse-threshold-3840,passed,4097,0,0
ef-output,sparse-threshold-3841,passed,4097,0,256
ef-output,sparse-threshold-65536,passed,4097,3,256
