device,Apple M2 Max,unified,1,max_buffer,62620631040,page,16384,mmap_no_copy,passed
kind,n,prefix,duplicates,ratio,trial,cpu_merge_ms,cpu_all_ms,gpu_all_ms,decode_ms,prepare_ms,order_ms,size_ms,emit_ms,assembly_ms,gpu_command_ms,survivors,bits,bytes
ef-output,empty-records,passed,1,0,0
ef-output,repeated-low-zero,passed,513,0,0
ef-output,constant-value-stride,passed,258,0,0
ef-output,packed-width-1,passed,67,1,0
ef-output,packed-width-5,passed,67,5,0
ef-output,packed-width-17,passed,67,17,0
ef-output,packed-width-29,passed,3,29,0
ef-output,sparse-threshold-3840,passed,4097,0,0
ef-output,sparse-threshold-3841,passed,4097,0,256
ef-output,sparse-threshold-65536,passed,4097,3,256
adversarial,empty-key-tombstone,passed,1,5
adversarial,empty-key-present-empty,passed,1,6
adversarial,proper-prefix-and-binary,passed,11,476
adversarial,empty-newer,passed,11,513
adversarial,empty-older,passed,11,513
adversarial,lcp-bit-0,passed,2,47
adversarial,lcp-bit-1,passed,2,48
adversarial,lcp-bit-2,passed,2,53
adversarial,lcp-bit-3,passed,2,54
adversarial,lcp-bit-4,passed,2,55
adversarial,lcp-bit-5,passed,2,56
adversarial,lcp-bit-6,passed,2,61
adversarial,lcp-bit-7,passed,2,62
adversarial,boundary-mixed-7,passed,7,317
adversarial,boundary-tombstones-7,passed,7,145
adversarial,boundary-mixed-8,passed,8,388
adversarial,boundary-tombstones-8,passed,8,153
adversarial,boundary-mixed-9,passed,9,403
adversarial,boundary-tombstones-9,passed,9,168
adversarial,boundary-mixed-14,passed,14,870
adversarial,boundary-tombstones-14,passed,14,215
adversarial,boundary-mixed-15,passed,15,879
adversarial,boundary-tombstones-15,passed,15,224
adversarial,boundary-mixed-16,passed,16,1050
adversarial,boundary-tombstones-16,passed,16,242
adversarial,boundary-mixed-29,passed,29,2945
adversarial,boundary-tombstones-29,passed,29,376
adversarial,boundary-mixed-30,passed,30,3220
adversarial,boundary-tombstones-30,passed,30,384
adversarial,boundary-mixed-31,passed,31,3239
adversarial,boundary-tombstones-31,passed,31,403
adversarial,boundary-mixed-255,passed,255,27099
adversarial,boundary-tombstones-255,passed,255,2784
adversarial,boundary-mixed-256,passed,256,27342
adversarial,boundary-tombstones-256,passed,256,2802
adversarial,boundary-mixed-257,passed,257,27575
adversarial,boundary-tombstones-257,passed,257,2826
adversarial,skewed-newer-short,passed,513,75434
adversarial,skewed-older-short,passed,513,75845
adversarial,retention-up-2,passed,2,34
adversarial,retention-down-2,passed,2,50
adversarial,retention-up-3,passed,3,70
adversarial,retention-down-3,passed,3,90
adversarial,retention-up-14,passed,14,736
adversarial,retention-down-14,passed,14,804
adversarial,retention-up-15,passed,15,782
adversarial,retention-down-15,passed,15,854
adversarial,retention-up-16,passed,16,940
adversarial,retention-down-16,passed,16,1008
adversarial,retention-up-31,passed,31,1783
adversarial,retention-down-31,passed,31,1905
adversarial,retention-up-32,passed,32,1879
adversarial,retention-down-32,passed,32,2007
adversarial,retention-up-33,passed,33,1896
adversarial,retention-down-33,passed,33,2030
adversarial,retention-up-63,passed,63,3764
adversarial,retention-down-63,passed,63,4006
adversarial,retention-up-64,passed,64,3884
adversarial,retention-down-64,passed,64,4132
adversarial,retention-up-65,passed,65,3901
adversarial,retention-down-65,passed,65,4153
adversarial,retention-up-127,passed,127,7911
adversarial,retention-down-127,passed,127,8389
adversarial,retention-up-128,passed,128,7981
adversarial,retention-down-128,passed,128,8465
adversarial,retention-up-129,passed,129,7998
adversarial,retention-down-129,passed,129,8486
adversarial,random-binary-prefix-0,passed,35,6187
adversarial,random-binary-prefix-1,passed,39,6526
adversarial,random-binary-prefix-7,passed,43,7184
adversarial,random-binary-prefix-31,passed,47,7878
adversarial,random-binary-prefix-63,passed,51,8903
adversarial,random-binary-prefix-127,passed,55,10511
adversarial,random-binary-prefix-255,passed,59,12205
adversarial,random-binary-prefix-511,passed,63,14356
merge,1,32,50,1,0,0.002667,0.30575,2.01117,0.740292,0.01325,0.326083,0.167166,0.209583,0.353292,0.233708,1,412,400
merge,7,32,50,1,0,0.006417,0.309625,2.738,1.15413,0.023791,0.450875,0.216875,0.268666,0.354083,0.686792,7,1094,488
merge,16,32,50,1,0,0.011708,0.2875,2.04088,0.388667,0.014375,0.472625,0.226208,0.209417,0.488416,0.544583,16,2217,624
merge,129,32,50,1,0,0.083458,0.356375,3.65183,0.815709,0.014,1.63442,0.224,0.246958,0.352208,1.61833,179,22245,3144
merge,4096,32,50,1,0,2.16896,2.49792,6.79846,1.66054,0.041833,1.99925,0.293708,0.250792,0.322916,1.76338,6142,753584,95208
