device,Apple M2 Max,unified,1,max_buffer,62620631040,page,16384,mmap_no_copy,passed
kind,n,prefix,duplicates,ratio,trial,cpu_merge_ms,cpu_all_ms,gpu_all_ms,decode_ms,prepare_ms,order_ms,size_ms,emit_ms,assembly_ms,gpu_command_ms,survivors,bits,bytes
adversarial,empty-key-tombstone,passed,1,5
adversarial,empty-key-present-empty,passed,1,6
adversarial,proper-prefix-and-binary,passed,11,476
adversarial,empty-newer,passed,11,513
adversarial,empty-older,passed,11,513
adversarial,lcp-bit-0,passed,2,47
adversarial,lcp-bit-1,passed,2,48
adversarial,lcp-bit-2,passed,2,53
adversarial,lcp-bit-3,passed,2,54
adversarial,lcp-bit-4,passed,2,55
adversarial,lcp-bit-5,passed,2,56
adversarial,lcp-bit-6,passed,2,61
adversarial,lcp-bit-7,passed,2,62
adversarial,boundary-mixed-7,passed,7,317
adversarial,boundary-tombstones-7,passed,7,145
adversarial,boundary-mixed-8,passed,8,388
adversarial,boundary-tombstones-8,passed,8,153
adversarial,boundary-mixed-9,passed,9,403
adversarial,boundary-tombstones-9,passed,9,168
adversarial,boundary-mixed-14,passed,14,870
adversarial,boundary-tombstones-14,passed,14,215
adversarial,boundary-mixed-15,passed,15,879
adversarial,boundary-tombstones-15,passed,15,224
adversarial,boundary-mixed-16,passed,16,1050
adversarial,boundary-tombstones-16,passed,16,242
adversarial,boundary-mixed-29,passed,29,2945
adversarial,boundary-tombstones-29,passed,29,376
adversarial,boundary-mixed-30,passed,30,3220
adversarial,boundary-tombstones-30,passed,30,384
adversarial,boundary-mixed-31,passed,31,3239
adversarial,boundary-tombstones-31,passed,31,403
adversarial,boundary-mixed-255,passed,255,27099
adversarial,boundary-tombstones-255,passed,255,2784
adversarial,boundary-mixed-256,passed,256,27342
adversarial,boundary-tombstones-256,passed,256,2802
adversarial,boundary-mixed-257,passed,257,27575
adversarial,boundary-tombstones-257,passed,257,2826
adversarial,skewed-newer-short,passed,513,75434
adversarial,skewed-older-short,passed,513,75845
merge,1,32,50,1,0,0.002125,0.328541,1.29308,0.001375,0.019083,0.49875,0.208708,0.348625,0.21575,0.134542,1,412,400
merge,7,32,50,1,0,0.004541,0.204583,0.858083,0.00775,0.017541,0.282709,0.199334,0.259333,0.090833,0.15825,7,1094,488
merge,16,32,50,1,0,0.008792,0.233875,0.864125,0.007916,0.014417,0.278833,0.220916,0.250791,0.090792,0.157875,16,2217,624
merge,129,32,50,1,0,0.052916,0.240375,4.09887,0.036417,0.018917,3.216,0.391875,0.326834,0.107834,1.99604,179,22245,3144
merge,4096,32,50,1,0,1.89096,2.18842,2.58617,0.95625,0.125416,0.626792,0.3005,0.452375,0.124293,0.303125,6142,753584,95208
