Resource gate: waiting for another gated job.
device,Apple M2 Max,unified,1,max_buffer,62620631040,page,16384,mmap_no_copy,passed
kind,n,prefix,duplicates,ratio,trial,cpu_merge_ms,cpu_all_ms,gpu_all_ms,decode_ms,prepare_ms,order_ms,size_ms,emit_ms,assembly_ms,gpu_command_ms,survivors,bits,bytes
adversarial,empty-key-tombstone,passed,1,5
adversarial,empty-key-present-empty,passed,1,6
adversarial,proper-prefix-and-binary,passed,11,476
adversarial,empty-newer,passed,11,513
adversarial,empty-older,passed,11,513
adversarial,lcp-bit-0,passed,2,47
adversarial,lcp-bit-1,passed,2,48
adversarial,lcp-bit-2,passed,2,53
adversarial,lcp-bit-3,passed,2,54
adversarial,lcp-bit-4,passed,2,55
adversarial,lcp-bit-5,passed,2,56
adversarial,lcp-bit-6,passed,2,61
adversarial,lcp-bit-7,passed,2,62
adversarial,boundary-mixed-7,passed,7,317
adversarial,boundary-tombstones-7,passed,7,145
adversarial,boundary-mixed-8,passed,8,388
adversarial,boundary-tombstones-8,passed,8,153
adversarial,boundary-mixed-9,passed,9,403
adversarial,boundary-tombstones-9,passed,9,168
adversarial,boundary-mixed-14,passed,14,870
adversarial,boundary-tombstones-14,passed,14,215
adversarial,boundary-mixed-15,passed,15,879
adversarial,boundary-tombstones-15,passed,15,224
adversarial,boundary-mixed-16,passed,16,1050
adversarial,boundary-tombstones-16,passed,16,242
adversarial,boundary-mixed-29,passed,29,2945
adversarial,boundary-tombstones-29,passed,29,376
adversarial,boundary-mixed-30,passed,30,3220
adversarial,boundary-tombstones-30,passed,30,384
adversarial,boundary-mixed-31,passed,31,3239
adversarial,boundary-tombstones-31,passed,31,403
adversarial,boundary-mixed-255,passed,255,27099
adversarial,boundary-tombstones-255,passed,255,2784
adversarial,boundary-mixed-256,passed,256,27342
adversarial,boundary-tombstones-256,passed,256,2802
adversarial,boundary-mixed-257,passed,257,27575
adversarial,boundary-tombstones-257,passed,257,2826
adversarial,skewed-newer-short,passed,513,75434
adversarial,skewed-older-short,passed,513,75845
adversarial,retention-up-2,passed,2,34
adversarial,retention-down-2,passed,2,50
adversarial,retention-up-3,passed,3,70
adversarial,retention-down-3,passed,3,90
adversarial,retention-up-14,passed,14,736
adversarial,retention-down-14,passed,14,804
adversarial,retention-up-15,passed,15,782
adversarial,retention-down-15,passed,15,854
adversarial,retention-up-16,passed,16,940
adversarial,retention-down-16,passed,16,1008
adversarial,retention-up-31,passed,31,1783
adversarial,retention-down-31,passed,31,1905
adversarial,retention-up-32,passed,32,1879
adversarial,retention-down-32,passed,32,2007
adversarial,retention-up-33,passed,33,1896
adversarial,retention-down-33,passed,33,2030
adversarial,retention-up-63,passed,63,3764
adversarial,retention-down-63,passed,63,4006
adversarial,retention-up-64,passed,64,3884
adversarial,retention-down-64,passed,64,4132
adversarial,retention-up-65,passed,65,3901
adversarial,retention-down-65,passed,65,4153
adversarial,retention-up-127,passed,127,7911
adversarial,retention-down-127,passed,127,8389
adversarial,retention-up-128,passed,128,7981
adversarial,retention-down-128,passed,128,8465
adversarial,retention-up-129,passed,129,7998
adversarial,retention-down-129,passed,129,8486
adversarial,random-binary-prefix-0,passed,35,6187
adversarial,random-binary-prefix-1,passed,39,6526
adversarial,random-binary-prefix-7,passed,43,7184
adversarial,random-binary-prefix-31,passed,47,7878
adversarial,random-binary-prefix-63,passed,51,8903
adversarial,random-binary-prefix-127,passed,55,10511
adversarial,random-binary-prefix-255,passed,59,12205
adversarial,random-binary-prefix-511,passed,63,14356
merge,1,32,50,1,0,0.00225,0.259375,1.77092,0.715875,0.012833,0.279708,0.182625,0.214458,0.163042,0.217042,1,412,400
merge,7,32,50,1,0,0.004334,0.184209,1.57563,0.313958,0.012166,0.511209,0.195416,0.202667,0.096042,0.470833,7,1094,488
merge,16,32,50,1,0,0.007875,0.209458,2.26783,0.8495,0.020125,0.545958,0.229625,0.197667,0.09525,0.53925,16,2217,624
merge,129,32,50,1,0,0.055166,0.271416,2.13058,0.4725,0.014167,0.808333,0.219083,0.1815,0.111417,0.896708,179,22245,3144
merge,4096,32,50,1,0,1.51904,1.79142,5.38196,1.44908,0.036958,1.57046,0.28725,0.211042,0.154958,1.73533,6142,753584,95208
